This is pdfTeX, Version 3.141592653-2.6-1.40.26 (TeX Live 2025/dev/Debian) (preloaded format=pdfetex 2025.11.26)  7 OCT 2026 09:03
entering extended mode
 restricted \write18 enabled.
 file:line:error style messages enabled.
 %&-line parsing enabled.
**\input ./emacs-lisp-intro-nl.texi \input ./emacs-lisp-intro-nl.texi \input ./
emacs-lisp-intro-nl.texi
(./emacs-lisp-intro-nl.texi (/usr/share/texmf/tex/texinfo/texinfo.tex
Loading texinfo [version 2023-09-19.19]:
\bindingoffset=\dimen16
\normaloffset=\dimen17
\txipagewidth=\dimen18
\txipageheight=\dimen19
\defaultoutput=\toks13
\headlinebox=\box16
\footlinebox=\box17
\savedtopmark=\toks14
\margin=\insert252
\EMsimple=\toks15
\groupbox=\box18
\groupinvalidhelp=\toks16
\mil=\dimen20
\exdentamount=\skip18
\inmarginspacing=\skip19
\centerpenalty=\count27
 pdf,
\tempnum=\count28
\lnkcount=\count29
\filename=\toks17
\filenamelength=\count30
\pgn=\count31
\toksA=\toks18
\toksB=\toks19
\toksC=\toks20
\toksD=\toks21
\boxA=\box19
\boxB=\box20
\countA=\count32
\pagecount=\count33
\romancount=\count34
\arabiccount=\count35
\contentsendcount=\count36
\nopdfimagehelp=\toks22
 fonts,
\textleading=\dimen21
\sffam=\fam8
\fontdepth=\count37
 glyphs,
\errorbox=\box21
 page headings,
\titlepagetopglue=\skip20
\titlepagebottomglue=\skip21
\evenheadline=\toks23
\oddheadline=\toks24
\evenchapheadline=\toks25
\oddchapheadline=\toks26
\evenfootline=\toks27
\oddfootline=\toks28

tables,
\tableindent=\dimen22
\itemindent=\dimen23
\itemmargin=\dimen24
\itemmax=\dimen25
\itemno=\count38
\colcount=\count39
\everytab=\toks29
 conditionals,
\doignorecount=\count40
 indexing,
\dummybox=\box22
\whatsitskip=\skip22
\whatsitpenalty=\count41
\entryrightmargin=\dimen26
\entrycontskip=\dimen27
\thinshrinkable=\skip23
\partialpage=\box23
\doublecolumnhsize=\dimen28
\balancedcolumns=\box24
 sectioning,
\unnumberedno=\count42
\chapno=\count43
\secno=\count44
\subsecno=\count45
\subsubsecno=\count46
\appendixno=\count47
\absseclevel=\count48
\secbase=\count49
\chapheadingskip=\skip24
\secheadingskip=\skip25
\subsecheadingskip=\skip26
 toc,
\tocfile=\write0
\curchapmax=\dimen29
\cursecmax=\dimen30
\curssecmax=\dimen31
\secnowidthchap=\dimen32
\secnowidthsec=\dimen33
\secnowidthssec=\dimen34
\contentsrightmargin=\skip27
\savepageno=\count50
\lastnegativepageno=\count51
\tocindent=\dimen35
\secnowidth=\dimen36
\extrasecnoskip=\dimen37
\labelspace=\dimen38
 environments,
\lispnarrowing=\skip28
\envskipamount=\skip29
\lskip=\skip30
\rskip=\skip31
\circthick=\dimen39
\cartouter=\dimen40
\cartinner=\dimen41
\normbskip=\skip32
\normpskip=\skip33
\normlskip=\skip34
\nonfillparindent=\dimen42
\tabw=\dimen43
\verbbox=\box25
 defuns,
\defbodyindent=\skip35
\defargsindent=\skip36
\deflastargmargin=\skip37
\defunpenalty=\count52
\parencount=\count53
\brackcount=\count54
 macros,
\paramno=\count55
\macname=\toks30

cross references,
\auxfile=\write1
\savesfregister=\count56
\toprefbox=\box26
\printedrefnamebox=\box27
\infofilenamebox=\box28
\printedmanualbox=\box29
 insertions,
\footnoteno=\count57
\SAVEfootins=\box30
\SAVEmargin=\box31

(/usr/share/texlive/texmf-dist/tex/generic/epsf/epsf.tex
This is `epsf.tex' v2.7.4 <14 February 2011>
\epsffilein=\read1
\epsfframemargin=\dimen44
\epsfframethickness=\dimen45
\epsfrsize=\dimen46
\epsftmp=\dimen47
\epsftsize=\dimen48
\epsfxsize=\dimen49
\epsfysize=\dimen50
\pspoints=\dimen51
)
\noepsfhelp=\toks31
\capheight=\dimen52
 localization,
\nolanghelp=\toks32
\countUTFx=\count58
\countUTFy=\count59
\countUTFz=\count60
 formatting,
\defaultparindent=\dimen53
 microtype,
\countC=\count61
\countB=\count62
 and turning on texinfo input format.)
(/usr/share/texmf/tex/texinfo/txi-nl.tex no patterns for dutch)
texinfo.tex: doing @include of docstyle.texi


(/home/elpa/elpa/packages/emacs-lisp-intro-nl/docstyle.texi)
@cpindfile=@write2
\openout2 = `emacs-lisp-intro-nl.cp'.


Writing index file emacs-lisp-intro-nl.cp
texinfo.tex: doing @include of /dev/null

(/dev/null) [1{/var/lib/texmf/fonts/map/pdftex/updmap/pdftex.map}] [2] [3]
Variable `EMACSVER', used in @value, is not set. [4]
(/home/elpa/elpa/packages/emacs-lisp-intro-nl/emacs-lisp-intro-nl.toc) [-1]
(/home/elpa/elpa/packages/emacs-lisp-intro-nl/emacs-lisp-intro-nl.toc)
(/home/elpa/elpa/packages/emacs-lisp-intro-nl/emacs-lisp-intro-nl.toc [-2]
[-3] [-4] [-5] [-6] [-7]) [-8]
(/home/elpa/elpa/packages/emacs-lisp-intro-nl/emacs-lisp-intro-nl.toc)
(/home/elpa/elpa/packages/emacs-lisp-intro-nl/emacs-lisp-intro-nl.toc)
(Voorwoord)
\openout0 = `emacs-lisp-intro-nl.toc'.


(/home/elpa/elpa/packages/emacs-lisp-intro-nl/emacs-lisp-intro-nl.aux)
\openout1 = `emacs-lisp-intro-nl.aux'.

 [1]
[2] [3] [4] Hoofdstuk 1
pdfTeX warning (ext4): destination with the same identifier (name{1}) has been 
already used, duplicate ignored
<to be read again> 
                   @unvbox 
@onepageout ...name{@the @pageno } xyz@fi @unvbox 
                                                  @headlinebox @pagebody {#1...
<output> ...ark @onepageout {@pagecontents @PAGE }
                                                  }
<to be read again> 
                   I
l.1287 I
        n een lijst worden atomen onderling gescheiden door witte ruimte. Zij
[1]
Missing character: There is no Ã in font cmr10!
Missing character: There is no ¯ in font cmr10!

pdfTeX warning (ext4): destination with the same identifier (name{2}) has been 
already used, duplicate ignored
<to be read again> 
                   @unvbox 
@onepageout ...name{@the @pageno } xyz@fi @unvbox 
                                                  @headlinebox @pagebody {#1...
<output> ...ark @onepageout {@pagecontents @PAGE }
                                                  }
@\need ...-@dimen 0 @vskip @dimen 0 @penalty 9999 
                                                  @vskip -@dimen 0 @penalty ...
l.1361 @need 1200
                  [2]
pdfTeX warning (ext4): destination with the same identifier (name{3}) has been 
already used, duplicate ignored
<to be read again> 
                   @unvbox 
@onepageout ...name{@the @pageno } xyz@fi @unvbox 
                                                  @headlinebox @pagebody {#1...
<output> ...ark @onepageout {@pagecontents @PAGE }
                                                  }
l.1446 
        [3]
Overfull \hbox (80.85133pt too wide) in paragraph at lines 1524--1524
 []  @reducedtt handler-bind-1(#f(compiled-function () #<bytecode ...>) (error)
 eval-expression--debug)[] 

@hbox(6.25+2.0)x361.34999
.@glue(@leftskip) 21.68121
.@hbox(0.0+0.0)x0.0
.@penalty 10000
.@glue 4.72495
.@penalty 10000
.etc.


pdfTeX warning (ext4): destination with the same identifier (name{4}) has been 
already used, duplicate ignored
<to be read again> 
                   @unvbox 
@onepageout ...name{@the @pageno } xyz@fi @unvbox 
                                                  @headlinebox @pagebody {#1...
<output> ...ark @onepageout {@pagecontents @PAGE }
                                                  }
@\need ... @vskip 0pt plus @dimen 0 @penalty -100 
                                                  @vskip 0pt plus -@dimen 0 ...
l.1533 @need 1200
                  [4] [5] [6] [7] [8] [9]
Overfull \hbox (80.85133pt too wide) in paragraph at lines 1961--1961
 []  @reducedtt handler-bind-1(#f(compiled-function () #<bytecode ...>) (error)
 eval-expression--debug)[] 

@hbox(6.25+2.0)x361.34999
.@glue(@leftskip) 21.68121
.@hbox(0.0+0.0)x0.0
.@penalty 10000
.@glue 4.72495
.@penalty 10000
.etc.

[10]
Overfull \hbox (80.85133pt too wide) in paragraph at lines 2000--2000
 []  @reducedtt handler-bind-1(#f(compiled-function () #<bytecode ...>) (error)
 eval-expression--debug)[] 

@hbox(6.25+2.0)x361.34999
.@glue(@leftskip) 21.68121
.@hbox(0.0+0.0)x0.0
.@penalty 10000
.@glue 4.72495
.@penalty 10000
.etc.

[11] [12] [13] [14]
Overfull \hbox (19.42705pt too wide) in paragraph at lines 2254--2254
 []@reducedtt Debugger entered--Lisp error: (wrong-type-argument number-or-mark
er-p hello)[] 

@hbox(6.25+2.0)x361.34999
.@glue(@leftskip) 21.68121
.@hbox(0.0+0.0)x0.0
.@reducedtt D
.@reducedtt e
.@reducedtt b
.etc.


Overfull \hbox (80.85133pt too wide) in paragraph at lines 2259--2259
 []  @reducedtt handler-bind-1(#f(compiled-function () #<bytecode ...>) (error)
 eval-expression--debug)[] 

@hbox(6.25+2.0)x361.34999
.@glue(@leftskip) 21.68121
.@hbox(0.0+0.0)x0.0
.@penalty 10000
.@glue 4.72495
.@penalty 10000
.etc.

[15] [16] [17] [18]
Underfull \hbox (badness 10000) in paragraph at lines 2590--2594
 []@textrm Atomen zi-jn multi-karakter sym-bol-en, zoals @ssectt forward-paragr
aph[]@textrm ,

@hbox(6.94444+2.22223)x361.34999, glue set 6.397
.@glue(@leftskip) 21.68121
.@hbox(4.44444+0.0)x0.0, glue set - 12.22745fil
..@glue 0.0 plus 1.0fil minus 1.0fil
..@mathon
..@ssecsy ^^O
..@mathoff
..@kern 7.22743
.@textrm A
.@kern-0.27779
.@textrm t
.etc.

[19] Hoofdstuk 2 [20] [21]
Underfull \hbox (badness 7925) in paragraph at lines 2750--2754
[]@textrm Anderzijds, ter-wi-jl ik dit doc-u-ment schri-jf is de waarde die het


@hbox(6.94444+1.94444)x361.34999, glue set 4.29767
.@hbox(0.0+0.0)x15.0
.@textrm A
.@textrm n
.@textrm d
.@textrm e
.etc.


Underfull \hbox (badness 10000) in paragraph at lines 2750--2754
@textrm eval-ueren van @ssectt (buffer-name)[] @textrm teruggeeft, @ssectt "int
roduction.texinfo"[]

@hbox(6.94444+1.94444)x361.34999, glue set 9.25693
.@textrm e
.@textrm v
.@kern-0.55556
.@textrm a
.@textrm l
.etc.


Underfull \hbox (badness 10000) in paragraph at lines 2750--2754
@textrm en de waarde die de eval-u-atie van @ssectt (buffer-file-name)[] @textr
m teruggeeft

@hbox(6.94444+1.94444)x361.34999, glue set 5.17632
.@textrm e
.@textrm n
.@glue 3.33333 plus 1.66666 minus 1.11111
.@textrm d
.@textrm e
.etc.


Overfull \hbox (30.03749pt too wide) in paragraph at lines 2764--2767
@textrm naam van het be-stand waar het naar wi-jst is @ssectt "/gnu/work/intro/
introduction.texinfo"[]@textrm . 

@hbox(6.94444+2.22223)x361.34999, glue set - 1.0
.@textrm n
.@textrm a
.@textrm a
.@textrm m
.@glue 3.33333 plus 1.66666 minus 1.11111
.etc.

[22] [23] [24] [25] Hoofdstuk 3 [26] [27] [28] [29] [30] [31] [32] [33]
[34] [35] [36] [37]
Missing character: There is no Ã in font cmr10!
Missing character: There is no ¯ in font cmr10!
Missing character: There is no Ã in font cmr10!
Missing character: There is no ¯ in font cmr10!
 [38] [39] [40] [41] [42] [43] [44] [45] [46] [47] [48]
[49] Hoofdstuk 4 [50]
Missing character: There is no Ã in font cmr10!
Missing character: There is no ¯ in font cmr10!
 [51] [52] [53] [54] [55] [56] [57] [58] [59] [60]
[61] Hoofdstuk 5 [62] [63] [64] [65] [66] [67] [68] [69] [70] [71] [72]
[73] [74] [75] Hoofdstuk 6 [76] [77] [78] [79] Hoofdstuk 7 [80] [81]
Missing character: There is no Ã in font cmr10!
Missing character: There is no ¯ in font cmr10!
 [82]
[83] [84] [85] [86] [87] Hoofdstuk 8 [88] [89] [90] [91] [92] [93]
Overfull \hbox (19.42705pt too wide) in paragraph at lines 8142--8142
 []      @reducedtt ;;    de oude aan elkaar. De ^^Mkill-new^^M functie voegt t
ekst in als een[] 

@hbox(5.49998+2.0)x361.34999
.@glue(@leftskip) 21.68121
.@hbox(0.0+0.0)x0.0
.@penalty 10000
.@glue 4.72495
.@penalty 10000
.etc.

[94]
Overfull \hbox (24.152pt too wide) in paragraph at lines 8189--8189
 []     @reducedtt ;;    Vervolgens, dus als deel van het dan-deel, zet this-co
mmand, zodat[] 

@hbox(5.49998+2.0)x361.34999
.@glue(@leftskip) 21.68121
.@hbox(0.0+0.0)x0.0
.@penalty 10000
.@glue 4.72495
.@penalty 10000
.etc.


Overfull \hbox (61.95155pt too wide) in paragraph at lines 8193--8193
 []     @reducedtt ;;    tekst niet naar de the killring kan kopi^^?eren zonder
 een fout te signaleren[] 

@hbox(5.49998+2.0)x361.34999
.@glue(@leftskip) 21.68121
.@hbox(0.0+0.0)x0.0
.@penalty 10000
.@glue 4.72495
.@penalty 10000
.etc.

[95] [96] [97] [98] [99] [100] [101] [102] [103] [104] [105] [106] [107]
[108] [109] Hoofdstuk 9 [110] </home/elpa/elpa/packages/emacs-lisp-intro-nl/con
s-1-nl.pdf> [111] </home/elpa/elpa/packages/emacs-lisp-intro-nl/cons-2-nl.pdf> 
</home/elpa/elpa/packages/emacs-lisp-intro-nl/cons-2a-nl.pdf> </home/elpa/elpa/
packages/emacs-lisp-intro-nl/cons-3-nl.pdf> [112] </home/elpa/elpa/packages/ema
cs-lisp-intro-nl/cons-4-nl.pdf> [113] </home/elpa/elpa/packages/emacs-lisp-intr
o-nl/drawers-nl.pdf> [114] Hoofdstuk 10 [115] [116] </home/elpa/elpa/packages/e
macs-lisp-intro-nl/cons-5-nl.pdf> [117] Hoofdstuk 11 [118] [119] [120] [121]
[122] [123] [124] [125] [126] [127] [128] [129] [130] [131] [132] [133]
[134] [135] [136]
Underfull \hbox (badness 10000) in paragraph at lines 11347--11355
@ssectt (driehoek-recursief 6)[] @textrm aan-roepen, en vo-or-dat @ssectt (drie
hoek-recursief 6)[]

@hbox(6.94444+1.94444)x361.34999, glue set 4.41112
.@ssectt (
.@ssectt d
.@ssectt r
.@ssectt i
.@ssectt e
.etc.

[137] [138] [139] [140]
Overfull \hbox (24.152pt too wide) in paragraph at lines 11652--11652
 []    @reducedtt ;; combineer behandelde elementen met recursieve aanroep op k
ortere lijst[] 

@hbox(5.49998+2.0)x361.34999
.@glue(@leftskip) 21.68121
.@hbox(0.0+0.0)x0.0
.@penalty 10000
.@glue 4.72495
.@penalty 10000
.etc.


Overfull \hbox (38.32683pt too wide) in paragraph at lines 11653--11653
 []    @reducedtt (cons (car woorden-lijst) (bewaar-drie-letter-woorden (cdr wo
orden-lijst))))[] 

@hbox(6.25+2.0)x361.34999
.@glue(@leftskip) 21.68121
.@hbox(0.0+0.0)x0.0
.@penalty 10000
.@glue 4.72495
.@penalty 10000
.etc.

[141] [142] [143] [144] Hoofdstuk 12 [145] [146] [147] [148] [149]
Underfull \hbox (badness 10000) in paragraph at lines 12339--12345
[]@textrm Wanneer @ssectt forward-sentence[] @textrm non-interactief zon-der ar
-gu-ment wordt

@hbox(6.94444+1.94444)x361.34999, glue set 5.79875
.@hbox(0.0+0.0)x15.0
.@textrm W
.@kern-0.83334
.@textrm a
.@textrm n
.etc.

[150] [151] [152]
Overfull \hbox (19.42705pt too wide) in paragraph at lines 12739--12739
 []       @reducedtt ;; Remove ^ from paragraph-start and paragraph-sep if they
 are there.[] 

@hbox(5.49998+2.0)x361.34999
.@glue(@leftskip) 21.68121
.@hbox(0.0+0.0)x0.0
.@penalty 10000
.@glue 4.72495
.@penalty 10000
.etc.


Overfull \hbox (24.152pt too wide) in paragraph at lines 12743--12743
 []       @reducedtt ;; This hack will not find problem cases like "whatever\\|
^something".[] 

@hbox(6.25+2.0)x361.34999
.@glue(@leftskip) 21.68121
.@hbox(0.0+0.0)x0.0
.@penalty 10000
.@glue 4.72495
.@penalty 10000
.etc.

[153] [154] [155] [156] [157] [158] [159] Hoofdstuk 13 [160] [161] [162]
[163] [164] [165] [166]
Underfull \hbox (badness 10000) in paragraph at lines 13701--13704
[]@textrm Na het in-cor-por-eren van deze laat-ste wi-jzigin-gen, werkt

@hbox(6.94444+1.94444)x361.34999, glue set 8.81573
.@hbox(0.0+0.0)x15.0
.@textrm N
.@textrm a
.@glue 3.33333 plus 1.66666 minus 1.11111
.@textrm h
.etc.

[167] [168] [169] [170] [171] Hoofdstuk 14 [172] [173] [174]
Missing character: There is no Ã in font cmr10!
Missing character: There is no « in font cmr10!
 [175] [176]
[177] [178] [179]
Overfull \hbox (43.05177pt too wide) in paragraph at lines 14679--14679
 []  @reducedtt "Geef een lijst terug met definitielengtes in het bestand genaa
md BESTANDSNAAM.[] 

@hbox(5.49998+2.0)x361.34999
.@glue(@leftskip) 21.68121
.@hbox(0.0+0.0)x0.0
.@penalty 10000
.@glue 4.72495
.@penalty 10000
.etc.

[180] [181] [182] [183]
Underfull \hbox (badness 10000) in paragraph at lines 14995--15001
[]@textrm Installeer @ssectt recursieve-lengte-lijst-veel-bestanden[] @textrm e
n in-di-en nodig

@hbox(6.94444+2.22223)x361.34999, glue set 4.84859
.@hbox(0.0+0.0)x15.0
.@textrm I
.@textrm n
.@textrm s
.@textrm t
.etc.

[184] [185] [186] [187]
Overfull \hbox (24.152pt too wide) in paragraph at lines 15336--15336
 []              @reducedtt (cons (car (car huidige-directory-lijst)) el-bestan
den-lijst)))[] 

@hbox(6.25+2.0)x361.34999
.@glue(@leftskip) 21.68121
.@hbox(0.0+0.0)x0.0
.@penalty 10000
.@glue 4.72495
.@penalty 10000
.etc.

[188]
Overfull \hbox (24.152pt too wide) in paragraph at lines 15379--15379
 [] @reducedtt (bestanden-in-onderiggende-directory "/usr/local/share/emacs/22.
1.1/lisp/"))[] 

@hbox(6.25+2.0)x361.34999
.@glue(@leftskip) 21.68121
.@hbox(0.0+0.0)x0.0
.@penalty 10000
.@glue 4.72495
.@reducedtt (
.etc.


Overfull \hbox (19.42705pt too wide) in paragraph at lines 15394--15394
 [] @reducedtt (bestanden-in-onderiggende-directory "/usr/local/share/emacs/22.
1.1/lisp/")[] 

@hbox(6.25+2.0)x361.34999
.@glue(@leftskip) 21.68121
.@hbox(0.0+0.0)x0.0
.@penalty 10000
.@glue 4.72495
.@reducedtt (
.etc.

[189] [190] [191] [192] Hoofdstuk 15 [193] [194] [195] [196] [197] [198]
[199] [200] [201] Hoofdstuk 16 [202] [203] [204] [205] [206] [207] [208]
[209] [210] [211] [212] [213] [214]
Overfull \hbox (168.15451pt too wide) in paragraph at lines 17403--17404
 [] []@reducedtt verzameling opties emacs -Q -D[] 

@hbox(6.25+2.0)x361.34999
.@glue(@leftskip) 21.68121
.@hbox(0.0+0.0)x0.0
.@penalty 10000
.@glue 4.72495
.@hbox(6.25+1.75)x361.34999, glue set 126.79054fil
..@glue 0.0
..@reducedrm O
..@reducedrm f
..@glue 3.08331 plus 1.54166 minus 1.02777
..@reducedrm t
..etc.
.etc.

[215] [216] [217] [218] [219] [220] [221] Hoofdstuk 17 [222]
Overfull \hbox (80.85133pt too wide) in paragraph at lines 17938--17938
 []  @reducedtt handler-bind-1(#f(compiled-function () #<bytecode ...>) (error)
 eval-expression--debug)[] 

@hbox(6.25+2.0)x361.34999
.@glue(@leftskip) 21.68121
.@hbox(0.0+0.0)x0.0
.@penalty 10000
.@glue 4.72495
.@penalty 10000
.etc.

[223]
Overfull \hbox (80.85133pt too wide) in paragraph at lines 18037--18037
 []  @reducedtt handler-bind-1(#f(compiled-function () #<bytecode ...>) (error)
 eval-expression--debug)[] 

@hbox(6.25+2.0)x361.34999
.@glue(@leftskip) 21.68121
.@hbox(0.0+0.0)x0.0
.@penalty 10000
.@glue 4.72495
.@penalty 10000
.etc.

[224]
Overfull \hbox (24.152pt too wide) in paragraph at lines 18052--18052
 []@reducedtt * apply(#f(lambda (getal) :dynbind "Geef som van getallen 1 t/m G
ETAL terug."[] 

@hbox(6.25+2.0)x361.34999
.@glue(@leftskip) 21.68121
.@hbox(0.0+0.0)x0.0
.@reducedtt *
.@penalty 10000
.@glue 4.72495
.etc.


Overfull \hbox (80.85133pt too wide) in paragraph at lines 18061--18061
 []  @reducedtt handler-bind-1(#f(compiled-function () #<bytecode ...>) (error)
 eval-expression--debug)[] 

@hbox(6.25+2.0)x361.34999
.@glue(@leftskip) 21.68121
.@hbox(0.0+0.0)x0.0
.@penalty 10000
.@glue 4.72495
.@penalty 10000
.etc.


Overfull \hbox (24.152pt too wide) in paragraph at lines 18089--18089
 []@reducedtt * apply(#f(lambda (getal) :dynbind "Geef som van getallen 1 t/m G
ETAL terug."[] 

@hbox(6.25+2.0)x361.34999
.@glue(@leftskip) 21.68121
.@hbox(0.0+0.0)x0.0
.@reducedtt *
.@penalty 10000
.@glue 4.72495
.etc.


Overfull \hbox (80.85133pt too wide) in paragraph at lines 18096--18096
 []  @reducedtt handler-bind-1(#f(compiled-function () #<bytecode ...>) (error)
 eval-expression--debug)[] 

@hbox(6.25+2.0)x361.34999
.@glue(@leftskip) 21.68121
.@hbox(0.0+0.0)x0.0
.@penalty 10000
.@glue 4.72495
.@penalty 10000
.etc.

[225]
Overfull \hbox (80.85133pt too wide) in paragraph at lines 18105--18105
 []  @reducedtt handler-bind-1(#f(compiled-function () #<bytecode ...>) (error)
 eval-expression--debug)[] 

@hbox(6.25+2.0)x361.34999
.@glue(@leftskip) 21.68121
.@hbox(0.0+0.0)x0.0
.@penalty 10000
.@glue 4.72495
.@penalty 10000
.etc.

[226] [227] [228] Hoofdstuk 18 [229] [230] Appendix A [231] [232] Appendix B
[233] [234] [235] [236] [237] [238]
Overfull \hbox (113.92595pt too wide) in paragraph at lines 19049--19049
 []@reducedtt With just \\[universal-argument] as argument, same but put point 
at beginning (and mark at end).[] 

@hbox(6.25+2.0)x361.34999
.@glue(@leftskip) 21.68121
.@hbox(0.0+0.0)x0.0
.@reducedtt W
.@reducedtt i
.@reducedtt t
.etc.


Overfull \hbox (24.152pt too wide) in paragraph at lines 19073--19073
 []      @reducedtt ;; This is like exchange-point-and-mark, but doesn^^Mt acti
vate the mark.[] 

@hbox(5.49998+2.0)x361.34999
.@glue(@leftskip) 21.68121
.@hbox(0.0+0.0)x0.0
.@penalty 10000
.@glue 4.72495
.@penalty 10000
.etc.

[239] [240] Appendix C [241] [242] [243] [244] [245] [246] [247] [248] [249]
[250] [251] [252] [253] [254] [255] [256] [257] [258] [259] </home/elpa/elpa/pa
ckages/emacs-lisp-intro-nl/lambda-1-nl.png> [260] </home/elpa/elpa/packages/ema
cs-lisp-intro-nl/lambda-2-nl.png> </home/elpa/elpa/packages/emacs-lisp-intro-nl
/lambda-3-nl.png> [261] [262]
Overfull \hbox (19.42705pt too wide) in paragraph at lines 20739--20739
 []    @reducedtt (toon-X-as-numbered-line     tic-number leading-spaces horizo
ntal-step))[] 

@hbox(6.25+2.0)x361.34999
.@glue(@leftskip) 21.68121
.@hbox(0.0+0.0)x0.0
.@penalty 10000
.@glue 4.72495
.@penalty 10000
.etc.

[263] Appendix D [264] [265] Appendix E [266]
texinfo.tex: doing @include of doclicense.texi


(/home/elpa/elpa/packages/emacs-lisp-intro-nl/doclicense.texi [267] [268]
[269] [270] [271] [272] [273] [274]) (Index) [275]
(/home/elpa/elpa/packages/emacs-lisp-intro-nl/emacs-lisp-intro-nl.cps [276]
[277] [278] [279] [280]) [281] [282] ) 
Here is how much of TeX's memory you used:
 5518 strings out of 497075
 67982 string characters out of 6206386
 131913 words of memory out of 5000000
 5995 multiletter control sequences out of 15000+600000
 37169 words of font info for 128 fonts, out of 8000000 for 9000
 57 hyphenation exceptions out of 8191
 16i,6n,16p,664b,491s stack positions out of 10000i,1000n,20000p,200000b,200000s
</usr/share/texlive/texmf-dist/fonts/type
1/public/amsfonts/cm/cmb10.pfb></usr/share/texlive/texmf-dist/fonts/type1/publi
c/amsfonts/cm/cmbx10.pfb></usr/share/texlive/texmf-dist/fonts/type1/public/amsf
onts/cm/cmbx12.pfb></usr/share/texlive/texmf-dist/fonts/type1/public/amsfonts/c
m/cmbxti10.pfb></usr/share/texlive/texmf-dist/fonts/type1/public/amsfonts/cm/cm
csc10.pfb></usr/share/texlive/texmf-dist/fonts/type1/public/amsfonts/cm/cmmi10.
pfb></usr/share/texlive/texmf-dist/fonts/type1/public/amsfonts/cm/cmmi12.pfb></
usr/share/texlive/texmf-dist/fonts/type1/public/amsfonts/cm/cmmi7.pfb></usr/sha
re/texlive/texmf-dist/fonts/type1/public/amsfonts/cm/cmmi9.pfb></usr/share/texl
ive/texmf-dist/fonts/type1/public/amsfonts/cm/cmr10.pfb></usr/share/texlive/tex
mf-dist/fonts/type1/public/amsfonts/cm/cmr12.pfb></usr/share/texlive/texmf-dist
/fonts/type1/public/amsfonts/cm/cmr7.pfb></usr/share/texlive/texmf-dist/fonts/t
ype1/public/amsfonts/cm/cmr9.pfb></usr/share/texlive/texmf-dist/fonts/type1/pub
lic/amsfonts/cm/cmsl10.pfb></usr/share/texlive/texmf-dist/fonts/type1/public/am
sfonts/cm/cmsl9.pfb></usr/share/texlive/texmf-dist/fonts/type1/public/amsfonts/
cm/cmsltt10.pfb></usr/share/texlive/texmf-dist/fonts/type1/public/amsfonts/cm/c
msy10.pfb></usr/share/texlive/texmf-dist/fonts/type1/public/amsfonts/cm/cmsy9.p
fb></usr/share/texlive/texmf-dist/fonts/type1/public/amsfonts/cm/cmti10.pfb></u
sr/share/texlive/texmf-dist/fonts/type1/public/amsfonts/cm/cmtt10.pfb></usr/sha
re/texlive/texmf-dist/fonts/type1/public/amsfonts/cm/cmtt12.pfb></usr/share/tex
live/texmf-dist/fonts/type1/public/amsfonts/cm/cmtt9.pfb>
Output written on emacs-lisp-intro-nl.pdf (298 pages, 1089376 bytes).
PDF statistics:
 3771 PDF objects out of 4296 (max. 8388607)
 3324 compressed objects within 34 object streams
 532 named destinations out of 1000 (max. 500000)
 2511 words of extra memory for PDF output out of 10000 (max. 10000000)

